resource "azurerm_kubernetes_cluster" "example" {
  name                = "test-aks"
  location            = "eastus"
  resource_group_name = "test-rg"
  default_node_pool {
    name       = "default"
    node_count = 3
  }
  identity {
    type = ""
  }
  sku {
    name     = "Standard_DS2_v2"
    tier     = "Standard"
    capacity = 3
  }
  network_profile {
    network_plugin = "azure"
    network_policy = "azure"
  }
  dns_prefix          = "exampleaks"
  role_based_access_control {
    enabled = true
  }
  // ...map more fields from JSON as needed
}
